{
  "version": "1.5.0",
  "plugins_used": [
    {
      "name": "ArtifactoryDetector"
    },
    {
      "name": "AWSKeyDetector"
    },
    {
      "name": "AzureStorageKeyDetector"
    },
    {
      "name": "Base64HighEntropyString",
      "limit": 4.5
    },
    {
      "name": "BasicAuthDetector"
    },
    {
      "name": "CloudantDetector"
    },
    {
      "name": "DiscordBotTokenDetector"
    },
    {
      "name": "GitHubTokenDetector"
    },
    {
      "name": "GitLabTokenDetector"
    },
    {
      "name": "HexHighEntropyString",
      "limit": 3.0
    },
    {
      "name": "IbmCloudIamDetector"
    },
    {
      "name": "IbmCosHmacDetector"
    },
    {
      "name": "IPPublicDetector"
    },
    {
      "name": "JwtTokenDetector"
    },
    {
      "name": "KeywordDetector",
      "keyword_exclude": ""
    },
    {
      "name": "MailchimpDetector"
    },
    {
      "name": "NpmDetector"
    },
    {
      "name": "OpenAIDetector"
    },
    {
      "name": "PrivateKeyDetector"
    },
    {
      "name": "PypiTokenDetector"
    },
    {
      "name": "SendGridDetector"
    },
    {
      "name": "SlackDetector"
    },
    {
      "name": "SoftlayerDetector"
    },
    {
      "name": "SquareOAuthDetector"
    },
    {
      "name": "StripeDetector"
    },
    {
      "name": "TelegramBotTokenDetector"
    },
    {
      "name": "TwilioKeyDetector"
    }
  ],
  "filters_used": [
    {
      "path": "detect_secrets.filters.allowlist.is_line_allowlisted"
    },
    {
      "path": "detect_secrets.filters.common.is_ignored_due_to_verification_policies",
      "min_level": 2
    },
    {
      "path": "detect_secrets.filters.heuristic.is_indirect_reference"
    },
    {
      "path": "detect_secrets.filters.heuristic.is_likely_id_string"
    },
    {
      "path": "detect_secrets.filters.heuristic.is_lock_file"
    },
    {
      "path": "detect_secrets.filters.heuristic.is_not_alphanumeric_string"
    },
    {
      "path": "detect_secrets.filters.heuristic.is_potential_uuid"
    },
    {
      "path": "detect_secrets.filters.heuristic.is_prefixed_with_dollar_sign"
    },
    {
      "path": "detect_secrets.filters.heuristic.is_sequential_string"
    },
    {
      "path": "detect_secrets.filters.heuristic.is_swagger_file"
    },
    {
      "path": "detect_secrets.filters.heuristic.is_templated_secret"
    },
    {
      "path": "detect_secrets.filters.regex.should_exclude_file",
      "pattern": [
        "node_modules"
      ]
    }
  ],
  "results": {
    "help.html": [
      {
        "type": "JSON Web Token",
        "filename": "help.html",
        "hashed_secret": "13ab9510051ec4d07ddc6f94691081b6e933ed10",
        "is_verified": false,
        "line_number": 229
      }
    ],
    "process_ncert.py": [
      {
        "type": "JSON Web Token",
        "filename": "process_ncert.py",
        "hashed_secret": "13ab9510051ec4d07ddc6f94691081b6e933ed10",
        "is_verified": false,
        "line_number": 8
      },
      {
        "type": "OpenAI Token",
        "filename": "process_ncert.py",
        "hashed_secret": "2df4a71b37c4c57b8ec64b3d93afdb0785bd41ea",
        "is_verified": false,
        "line_number": 9
      },
      {
        "type": "Base64 High Entropy String",
        "filename": "process_ncert.py",
        "hashed_secret": "5e82312b9427bdd55814511e6501eac63fe0f9a4",
        "is_verified": false,
        "line_number": 9
      }
    ],
    "savedquestions.html": [
      {
        "type": "JSON Web Token",
        "filename": "savedquestions.html",
        "hashed_secret": "13ab9510051ec4d07ddc6f94691081b6e933ed10",
        "is_verified": false,
        "line_number": 325
      }
    ],
    "supabase.js": [
      {
        "type": "JSON Web Token",
        "filename": "supabase.js",
        "hashed_secret": "13ab9510051ec4d07ddc6f94691081b6e933ed10",
        "is_verified": false,
        "line_number": 4
      }
    ]
  },
  "generated_at": "2026-10-04T08:34:39Z"
}
